// Jest Snapshot v1, https://goo.gl/fbAQLP

exports[`ControllerRoute #render should throw exception, when it does not return Controller instance 1`] = `"[ControllerRoute] Controller route \\"form\\" does not return Controller in render function."`;
