// Jest Snapshot v1, https://goo.gl/fbAQLP

exports[`ElementRoute #render should throw exception, when it does not return Element instance 1`] = `"[ElementRoute] Element route \\"inputText\\" does not return Element in render function."`;
