// Jest Snapshot v1, https://goo.gl/fbAQLP

exports[`FieldModel #setStatus should set status to with replacing only set statuses 1`] = `
Object {
  "content": "empty",
  "enabling": "enabled",
  "focus": "unfocused",
  "node": "unmounted",
  "readiness": "loading",
  "validation": Object {
    "invalidValidators": Array [],
    "status": "unknown",
  },
}
`;
