// Jest Snapshot v1, https://goo.gl/fbAQLP

exports[`ControllerModel #constructor should setup initial status 1`] = `
Object {
  "node": "unmounted",
  "readiness": "loading",
}
`;

exports[`ControllerModel #setStatus should set status with merging with previous 1`] = `
Object {
  "node": "mounted",
  "readiness": "ready",
  "validation": "invalid",
}
`;
